// Jest Snapshot v1, https://goo.gl/fbAQLP

exports[`Unit testing for <GifItem/> should match the snapshot 1`] = `
<div>
  <div
    class="card"
  >
    <img
      alt="Superman"
      src="https://one-punch.com/superman"
    />
    <h6>
      Superman
    </h6>
  </div>
</div>
`;
